Archive member included because of file (symbol)

d:/courses/es/eclipse/winavr/bin/../lib/gcc/avr/4.3.3/avr5\libgcc.a(_divmodsi4.o)
                              ./HAL/LCD/LCD_program.o (__divmodsi4)
d:/courses/es/eclipse/winavr/bin/../lib/gcc/avr/4.3.3/avr5\libgcc.a(_exit.o)
                              d:/courses/es/eclipse/winavr/bin/../lib/gcc/avr/4.3.3/../../../../avr/lib/avr5/crtm32.o (exit)
d:/courses/es/eclipse/winavr/bin/../lib/gcc/avr/4.3.3/avr5\libgcc.a(_copy_data.o)
                              ./APP/PingPong_program.o (__do_copy_data)
d:/courses/es/eclipse/winavr/bin/../lib/gcc/avr/4.3.3/avr5\libgcc.a(_clear_bss.o)
                              ./HAL/LCD/LCD_program.o (__do_clear_bss)
d:/courses/es/eclipse/winavr/bin/../lib/gcc/avr/4.3.3/avr5\libgcc.a(_fixunssfsi.o)
                              ./HAL/LCD/LCD_program.o (__fixunssfsi)
d:/courses/es/eclipse/winavr/bin/../lib/gcc/avr/4.3.3/avr5\libgcc.a(_addsub_sf.o)
                              ./HAL/LCD/LCD_program.o (__subsf3)
d:/courses/es/eclipse/winavr/bin/../lib/gcc/avr/4.3.3/avr5\libgcc.a(_mul_sf.o)
                              ./HAL/LCD/LCD_program.o (__mulsf3)
d:/courses/es/eclipse/winavr/bin/../lib/gcc/avr/4.3.3/avr5\libgcc.a(_div_sf.o)
                              ./HAL/LCD/LCD_program.o (__divsf3)
d:/courses/es/eclipse/winavr/bin/../lib/gcc/avr/4.3.3/avr5\libgcc.a(_gt_sf.o)
                              ./HAL/LCD/LCD_program.o (__gtsf2)
d:/courses/es/eclipse/winavr/bin/../lib/gcc/avr/4.3.3/avr5\libgcc.a(_ge_sf.o)
                              d:/courses/es/eclipse/winavr/bin/../lib/gcc/avr/4.3.3/avr5\libgcc.a(_fixunssfsi.o) (__gesf2)
d:/courses/es/eclipse/winavr/bin/../lib/gcc/avr/4.3.3/avr5\libgcc.a(_lt_sf.o)
                              ./HAL/LCD/LCD_program.o (__ltsf2)
d:/courses/es/eclipse/winavr/bin/../lib/gcc/avr/4.3.3/avr5\libgcc.a(_si_to_sf.o)
                              ./HAL/LCD/LCD_program.o (__floatsisf)
d:/courses/es/eclipse/winavr/bin/../lib/gcc/avr/4.3.3/avr5\libgcc.a(_sf_to_si.o)
                              ./HAL/LCD/LCD_program.o (__fixsfsi)
d:/courses/es/eclipse/winavr/bin/../lib/gcc/avr/4.3.3/avr5\libgcc.a(_thenan_sf.o)
                              d:/courses/es/eclipse/winavr/bin/../lib/gcc/avr/4.3.3/avr5\libgcc.a(_addsub_sf.o) (__thenan_sf)
d:/courses/es/eclipse/winavr/bin/../lib/gcc/avr/4.3.3/avr5\libgcc.a(_udivmodsi4.o)
                              d:/courses/es/eclipse/winavr/bin/../lib/gcc/avr/4.3.3/avr5\libgcc.a(_divmodsi4.o) (__udivmodsi4)
d:/courses/es/eclipse/winavr/bin/../lib/gcc/avr/4.3.3/avr5\libgcc.a(_prologue.o)
                              d:/courses/es/eclipse/winavr/bin/../lib/gcc/avr/4.3.3/avr5\libgcc.a(_addsub_sf.o) (__prologue_saves__)
d:/courses/es/eclipse/winavr/bin/../lib/gcc/avr/4.3.3/avr5\libgcc.a(_epilogue.o)
                              d:/courses/es/eclipse/winavr/bin/../lib/gcc/avr/4.3.3/avr5\libgcc.a(_addsub_sf.o) (__epilogue_restores__)
d:/courses/es/eclipse/winavr/bin/../lib/gcc/avr/4.3.3/avr5\libgcc.a(_clzsi2.o)
                              d:/courses/es/eclipse/winavr/bin/../lib/gcc/avr/4.3.3/avr5\libgcc.a(_si_to_sf.o) (__clzsi2)
d:/courses/es/eclipse/winavr/bin/../lib/gcc/avr/4.3.3/avr5\libgcc.a(_pack_sf.o)
                              d:/courses/es/eclipse/winavr/bin/../lib/gcc/avr/4.3.3/avr5\libgcc.a(_addsub_sf.o) (__pack_f)
d:/courses/es/eclipse/winavr/bin/../lib/gcc/avr/4.3.3/avr5\libgcc.a(_unpack_sf.o)
                              d:/courses/es/eclipse/winavr/bin/../lib/gcc/avr/4.3.3/avr5\libgcc.a(_addsub_sf.o) (__unpack_f)
d:/courses/es/eclipse/winavr/bin/../lib/gcc/avr/4.3.3/avr5\libgcc.a(_fpcmp_parts_sf.o)
                              d:/courses/es/eclipse/winavr/bin/../lib/gcc/avr/4.3.3/avr5\libgcc.a(_gt_sf.o) (__fpcmp_parts_f)
d:/courses/es/eclipse/winavr/bin/../lib/gcc/avr/4.3.3/avr5\libgcc.a(_clz.o)
                              d:/courses/es/eclipse/winavr/bin/../lib/gcc/avr/4.3.3/avr5\libgcc.a(_clzsi2.o) (__clz_tab)

Memory Configuration

Name             Origin             Length             Attributes
text             0x00000000         0x00020000         xr
data             0x00800060         0x0000ffa0         rw !x
eeprom           0x00810000         0x00010000         rw !x
fuse             0x00820000         0x00000400         rw !x
lock             0x00830000         0x00000400         rw !x
signature        0x00840000         0x00000400         rw !x
*default*        0x00000000         0xffffffff

Linker script and memory map

LOAD d:/courses/es/eclipse/winavr/bin/../lib/gcc/avr/4.3.3/../../../../avr/lib/avr5/crtm32.o
LOAD ./MCAL/DIO/DIO_program.o
LOAD ./HAL/LCD/LCD_program.o
LOAD ./APP/PingPong_program.o
LOAD ./APP/main.o
LOAD d:/courses/es/eclipse/winavr/bin/../lib/gcc/avr/4.3.3/avr5\libgcc.a
LOAD d:/courses/es/eclipse/winavr/bin/../lib/gcc/avr/4.3.3/../../../../avr/lib/avr5\libc.a
LOAD d:/courses/es/eclipse/winavr/bin/../lib/gcc/avr/4.3.3/avr5\libgcc.a

.hash
 *(.hash)

.dynsym
 *(.dynsym)

.dynstr
 *(.dynstr)

.gnu.version
 *(.gnu.version)

.gnu.version_d
 *(.gnu.version_d)

.gnu.version_r
 *(.gnu.version_r)

.rel.init
 *(.rel.init)

.rela.init
 *(.rela.init)

.rel.text
 *(.rel.text)
 *(.rel.text.*)
 *(.rel.gnu.linkonce.t*)

.rela.text
 *(.rela.text)
 *(.rela.text.*)
 *(.rela.gnu.linkonce.t*)

.rel.fini
 *(.rel.fini)

.rela.fini
 *(.rela.fini)

.rel.rodata
 *(.rel.rodata)
 *(.rel.rodata.*)
 *(.rel.gnu.linkonce.r*)

.rela.rodata
 *(.rela.rodata)
 *(.rela.rodata.*)
 *(.rela.gnu.linkonce.r*)

.rel.data
 *(.rel.data)
 *(.rel.data.*)
 *(.rel.gnu.linkonce.d*)

.rela.data
 *(.rela.data)
 *(.rela.data.*)
 *(.rela.gnu.linkonce.d*)

.rel.ctors
 *(.rel.ctors)

.rela.ctors
 *(.rela.ctors)

.rel.dtors
 *(.rel.dtors)

.rela.dtors
 *(.rela.dtors)

.rel.got
 *(.rel.got)

.rela.got
 *(.rela.got)

.rel.bss
 *(.rel.bss)

.rela.bss
 *(.rela.bss)

.rel.plt
 *(.rel.plt)

.rela.plt
 *(.rela.plt)

.text           0x00000000     0x411a
 *(.vectors)
 .vectors       0x00000000       0x54 d:/courses/es/eclipse/winavr/bin/../lib/gcc/avr/4.3.3/../../../../avr/lib/avr5/crtm32.o
                0x00000000                __vectors
                0x00000000                __vector_default
 *(.vectors)
 *(.progmem.gcc*)
 *(.progmem*)
                0x00000054                . = ALIGN (0x2)
                0x00000054                __trampolines_start = .
 *(.trampolines)
 .trampolines   0x00000054        0x0 linker stubs
 *(.trampolines*)
                0x00000054                __trampolines_end = .
 *(.jumptables)
 *(.jumptables*)
 *(.lowtext)
 *(.lowtext*)
                0x00000054                __ctors_start = .
 *(.ctors)
                0x00000054                __ctors_end = .
                0x00000054                __dtors_start = .
 *(.dtors)
                0x00000054                __dtors_end = .
 SORT(*)(.ctors)
 SORT(*)(.dtors)
 *(.init0)
 .init0         0x00000054        0x0 d:/courses/es/eclipse/winavr/bin/../lib/gcc/avr/4.3.3/../../../../avr/lib/avr5/crtm32.o
                0x00000054                __init
 *(.init0)
 *(.init1)
 *(.init1)
 *(.init2)
 .init2         0x00000054        0xc d:/courses/es/eclipse/winavr/bin/../lib/gcc/avr/4.3.3/../../../../avr/lib/avr5/crtm32.o
 *(.init2)
 *(.init3)
 *(.init3)
 *(.init4)
 .init4         0x00000060       0x16 d:/courses/es/eclipse/winavr/bin/../lib/gcc/avr/4.3.3/avr5\libgcc.a(_copy_data.o)
                0x00000060                __do_copy_data
 .init4         0x00000076       0x10 d:/courses/es/eclipse/winavr/bin/../lib/gcc/avr/4.3.3/avr5\libgcc.a(_clear_bss.o)
                0x00000076                __do_clear_bss
 *(.init4)
 *(.init5)
 *(.init5)
 *(.init6)
 *(.init6)
 *(.init7)
 *(.init7)
 *(.init8)
 *(.init8)
 *(.init9)
 .init9         0x00000086        0x8 d:/courses/es/eclipse/winavr/bin/../lib/gcc/avr/4.3.3/../../../../avr/lib/avr5/crtm32.o
 *(.init9)
 *(.text)
 .text          0x0000008e        0x4 d:/courses/es/eclipse/winavr/bin/../lib/gcc/avr/4.3.3/../../../../avr/lib/avr5/crtm32.o
                0x0000008e                __vector_1
                0x0000008e                __vector_12
                0x0000008e                __bad_interrupt
                0x0000008e                __vector_6
                0x0000008e                __vector_3
                0x0000008e                __vector_11
                0x0000008e                __vector_13
                0x0000008e                __vector_17
                0x0000008e                __vector_19
                0x0000008e                __vector_7
                0x0000008e                __vector_5
                0x0000008e                __vector_4
                0x0000008e                __vector_9
                0x0000008e                __vector_2
                0x0000008e                __vector_15
                0x0000008e                __vector_8
                0x0000008e                __vector_14
                0x0000008e                __vector_10
                0x0000008e                __vector_16
                0x0000008e                __vector_18
                0x0000008e                __vector_20
 .text          0x00000092        0x0 ./MCAL/DIO/DIO_program.o
 .text          0x00000092        0x0 ./HAL/LCD/LCD_program.o
 .text          0x00000092        0x0 ./APP/PingPong_program.o
 .text          0x00000092        0x0 ./APP/main.o
 .text          0x00000092        0x0 d:/courses/es/eclipse/winavr/bin/../lib/gcc/avr/4.3.3/avr5\libgcc.a(_divmodsi4.o)
 .text          0x00000092        0x0 d:/courses/es/eclipse/winavr/bin/../lib/gcc/avr/4.3.3/avr5\libgcc.a(_exit.o)
 .text          0x00000092        0x0 d:/courses/es/eclipse/winavr/bin/../lib/gcc/avr/4.3.3/avr5\libgcc.a(_copy_data.o)
 .text          0x00000092        0x0 d:/courses/es/eclipse/winavr/bin/../lib/gcc/avr/4.3.3/avr5\libgcc.a(_clear_bss.o)
 .text          0x00000092       0x58 d:/courses/es/eclipse/winavr/bin/../lib/gcc/avr/4.3.3/avr5\libgcc.a(_fixunssfsi.o)
                0x00000092                __fixunssfsi
 .text          0x000000ea      0x354 d:/courses/es/eclipse/winavr/bin/../lib/gcc/avr/4.3.3/avr5\libgcc.a(_addsub_sf.o)
                0x00000382                __subsf3
                0x000003e4                __addsf3
 .text          0x0000043e      0x1f4 d:/courses/es/eclipse/winavr/bin/../lib/gcc/avr/4.3.3/avr5\libgcc.a(_mul_sf.o)
                0x0000043e                __mulsf3
 .text          0x00000632      0x158 d:/courses/es/eclipse/winavr/bin/../lib/gcc/avr/4.3.3/avr5\libgcc.a(_div_sf.o)
                0x00000632                __divsf3
 .text          0x0000078a       0x60 d:/courses/es/eclipse/winavr/bin/../lib/gcc/avr/4.3.3/avr5\libgcc.a(_gt_sf.o)
                0x0000078a                __gtsf2
 .text          0x000007ea       0x60 d:/courses/es/eclipse/winavr/bin/../lib/gcc/avr/4.3.3/avr5\libgcc.a(_ge_sf.o)
                0x000007ea                __gesf2
 .text          0x0000084a       0x60 d:/courses/es/eclipse/winavr/bin/../lib/gcc/avr/4.3.3/avr5\libgcc.a(_lt_sf.o)
                0x0000084a                __ltsf2
 .text          0x000008aa       0xbc d:/courses/es/eclipse/winavr/bin/../lib/gcc/avr/4.3.3/avr5\libgcc.a(_si_to_sf.o)
                0x000008aa                __floatsisf
 .text          0x00000966       0xa8 d:/courses/es/eclipse/winavr/bin/../lib/gcc/avr/4.3.3/avr5\libgcc.a(_sf_to_si.o)
                0x00000966                __fixsfsi
 .text          0x00000a0e        0x0 d:/courses/es/eclipse/winavr/bin/../lib/gcc/avr/4.3.3/avr5\libgcc.a(_thenan_sf.o)
 .text          0x00000a0e        0x0 d:/courses/es/eclipse/winavr/bin/../lib/gcc/avr/4.3.3/avr5\libgcc.a(_udivmodsi4.o)
 .text          0x00000a0e        0x0 d:/courses/es/eclipse/winavr/bin/../lib/gcc/avr/4.3.3/avr5\libgcc.a(_prologue.o)
 .text          0x00000a0e        0x0 d:/courses/es/eclipse/winavr/bin/../lib/gcc/avr/4.3.3/avr5\libgcc.a(_epilogue.o)
 .text          0x00000a0e       0x9e d:/courses/es/eclipse/winavr/bin/../lib/gcc/avr/4.3.3/avr5\libgcc.a(_clzsi2.o)
                0x00000a0e                __clzsi2
 .text          0x00000aac      0x1aa d:/courses/es/eclipse/winavr/bin/../lib/gcc/avr/4.3.3/avr5\libgcc.a(_pack_sf.o)
                0x00000aac                __pack_f
 .text          0x00000c56       0xf0 d:/courses/es/eclipse/winavr/bin/../lib/gcc/avr/4.3.3/avr5\libgcc.a(_unpack_sf.o)
                0x00000c56                __unpack_f
 .text          0x00000d46       0xb2 d:/courses/es/eclipse/winavr/bin/../lib/gcc/avr/4.3.3/avr5\libgcc.a(_fpcmp_parts_sf.o)
                0x00000d46                __fpcmp_parts_f
 .text          0x00000df8        0x0 d:/courses/es/eclipse/winavr/bin/../lib/gcc/avr/4.3.3/avr5\libgcc.a(_clz.o)
                0x00000df8                . = ALIGN (0x2)
 *(.text.*)
 .text.DIO_voidSetPinDirection
                0x00000df8      0x210 ./MCAL/DIO/DIO_program.o
                0x00000df8                DIO_voidSetPinDirection
 .text.DIO_voidSetPortDirection
                0x00001008       0x88 ./MCAL/DIO/DIO_program.o
                0x00001008                DIO_voidSetPortDirection
 .text.DIO_voidSetPinValue
                0x00001090      0x210 ./MCAL/DIO/DIO_program.o
                0x00001090                DIO_voidSetPinValue
 .text.DIO_voidSetPortValue
                0x000012a0       0x88 ./MCAL/DIO/DIO_program.o
                0x000012a0                DIO_voidSetPortValue
 .text.DIO_u8GetPinValue
                0x00001328      0x10e ./MCAL/DIO/DIO_program.o
                0x00001328                DIO_u8GetPinValue
 .text.DIO_voidTogglePin
                0x00001436      0x10a ./MCAL/DIO/DIO_program.o
                0x00001436                DIO_voidTogglePin
 .text.DIO_voidTogglePort
                0x00001540       0x9e ./MCAL/DIO/DIO_program.o
                0x00001540                DIO_voidTogglePort
 .text.LCD_voidInit
                0x000015de      0x50c ./HAL/LCD/LCD_program.o
                0x000015de                LCD_voidInit
 .text.SET_voidLCDPinsDirection
                0x00001aea       0x4a ./HAL/LCD/LCD_program.o
                0x00001aea                SET_voidLCDPinsDirection
 .text.Send_voidEnablePulse
                0x00001b34      0x11e ./HAL/LCD/LCD_program.o
                0x00001b34                Send_voidEnablePulse
 .text.Send_voidCommand
                0x00001c52       0xd0 ./HAL/LCD/LCD_program.o
                0x00001c52                Send_voidCommand
 .text.Send_voidData
                0x00001d22       0xc8 ./HAL/LCD/LCD_program.o
                0x00001d22                Send_voidData
 .text.LCD_voidClear
                0x00001dea       0x14 ./HAL/LCD/LCD_program.o
                0x00001dea                LCD_voidClear
 .text.LCD_voidClearLine
                0x00001dfe       0x38 ./HAL/LCD/LCD_program.o
                0x00001dfe                LCD_voidClearLine
 .text.LCD_voidWriteCharacter
                0x00001e36       0x1a ./HAL/LCD/LCD_program.o
                0x00001e36                LCD_voidWriteCharacter
 .text.LCD_voidWriteCharacterAtXY
                0x00001e50       0x2c ./HAL/LCD/LCD_program.o
                0x00001e50                LCD_voidWriteCharacterAtXY
 .text.LCD_voidWriteString
                0x00001e7c       0x52 ./HAL/LCD/LCD_program.o
                0x00001e7c                LCD_voidWriteString
 .text.LCD_voidWriteStringAtXY
                0x00001ece       0x32 ./HAL/LCD/LCD_program.o
                0x00001ece                LCD_voidWriteStringAtXY
 .text.LCD_voidGoToXY
                0x00001f00      0x1ea ./HAL/LCD/LCD_program.o
                0x00001f00                LCD_voidGoToXY
 .text.LCD_voidWriteDecimal
                0x000020ea      0x120 ./HAL/LCD/LCD_program.o
                0x000020ea                LCD_voidWriteDecimal
 .text.LCD_voidWriteFloat
                0x0000220a       0xbc ./HAL/LCD/LCD_program.o
                0x0000220a                LCD_voidWriteFloat
 .text.LCD_voidWriteCustomCharacter
                0x000022c6       0x8e ./HAL/LCD/LCD_program.o
                0x000022c6                LCD_voidWriteCustomCharacter
 .text.WelcomeMessage
                0x00002354      0x27a ./APP/PingPong_program.o
                0x00002354                WelcomeMessage
 .text.PindPong_voidInit
                0x000025ce      0x19e ./APP/PingPong_program.o
                0x000025ce                PindPong_voidInit
 .text.DrawBallAtXY
                0x0000276c       0x28 ./APP/PingPong_program.o
                0x0000276c                DrawBallAtXY
 .text.ClearXY  0x00002794       0x26 ./APP/PingPong_program.o
                0x00002794                ClearXY
 .text.DrawLeftPaddleAtXY
                0x000027ba       0x28 ./APP/PingPong_program.o
                0x000027ba                DrawLeftPaddleAtXY
 .text.DrawRightPaddleAtXY
                0x000027e2       0x28 ./APP/PingPong_program.o
                0x000027e2                DrawRightPaddleAtXY
 .text.Update_Score
                0x0000280a       0x62 ./APP/PingPong_program.o
                0x0000280a                Update_Score
 .text.UpdatePaddles
                0x0000286c       0xe0 ./APP/PingPong_program.o
                0x0000286c                UpdatePaddles
 .text.PindPong_voidForward_Move
                0x0000294c      0x8c6 ./APP/PingPong_program.o
                0x0000294c                PindPong_voidForward_Move
 .text.PindPong_voidBackward_Move
                0x00003212      0x8c6 ./APP/PingPong_program.o
                0x00003212                PindPong_voidBackward_Move
 .text.Harb_Celebrate
                0x00003ad8      0x29e ./APP/PingPong_program.o
                0x00003ad8                Harb_Celebrate
 .text.Khaled_Celebrate
                0x00003d76      0x29e ./APP/PingPong_program.o
                0x00003d76                Khaled_Celebrate
 .text.main     0x00004014       0x1a ./APP/main.o
                0x00004014                main
 .text.libgcc   0x0000402e       0x36 d:/courses/es/eclipse/winavr/bin/../lib/gcc/avr/4.3.3/avr5\libgcc.a(_divmodsi4.o)
                0x0000402e                __divmodsi4
 .text.libgcc   0x00004064        0x0 d:/courses/es/eclipse/winavr/bin/../lib/gcc/avr/4.3.3/avr5\libgcc.a(_exit.o)
 .text.libgcc   0x00004064        0x0 d:/courses/es/eclipse/winavr/bin/../lib/gcc/avr/4.3.3/avr5\libgcc.a(_copy_data.o)
 .text.libgcc   0x00004064        0x0 d:/courses/es/eclipse/winavr/bin/../lib/gcc/avr/4.3.3/avr5\libgcc.a(_clear_bss.o)
 .text.libgcc   0x00004064       0x44 d:/courses/es/eclipse/winavr/bin/../lib/gcc/avr/4.3.3/avr5\libgcc.a(_udivmodsi4.o)
                0x00004064                __udivmodsi4
 .text.libgcc   0x000040a8       0x38 d:/courses/es/eclipse/winavr/bin/../lib/gcc/avr/4.3.3/avr5\libgcc.a(_prologue.o)
                0x000040a8                __prologue_saves__
 .text.libgcc   0x000040e0       0x36 d:/courses/es/eclipse/winavr/bin/../lib/gcc/avr/4.3.3/avr5\libgcc.a(_epilogue.o)
                0x000040e0                __epilogue_restores__
                0x00004116                . = ALIGN (0x2)
 *(.fini9)
 .fini9         0x00004116        0x0 d:/courses/es/eclipse/winavr/bin/../lib/gcc/avr/4.3.3/avr5\libgcc.a(_exit.o)
                0x00004116                exit
                0x00004116                _exit
 *(.fini9)
 *(.fini8)
 *(.fini8)
 *(.fini7)
 *(.fini7)
 *(.fini6)
 *(.fini6)
 *(.fini5)
 *(.fini5)
 *(.fini4)
 *(.fini4)
 *(.fini3)
 *(.fini3)
 *(.fini2)
 *(.fini2)
 *(.fini1)
 *(.fini1)
 *(.fini0)
 .fini0         0x00004116        0x4 d:/courses/es/eclipse/winavr/bin/../lib/gcc/avr/4.3.3/avr5\libgcc.a(_exit.o)
 *(.fini0)
                0x0000411a                _etext = .

.data           0x00800060      0x1e2 load address 0x0000411a
                0x00800060                PROVIDE (__data_start, .)
 *(.data)
 .data          0x00800060        0x0 d:/courses/es/eclipse/winavr/bin/../lib/gcc/avr/4.3.3/../../../../avr/lib/avr5/crtm32.o
 .data          0x00800060        0x0 ./MCAL/DIO/DIO_program.o
 .data          0x00800060        0x0 ./HAL/LCD/LCD_program.o
 .data          0x00800060       0x80 ./APP/PingPong_program.o
 .data          0x008000e0        0x0 ./APP/main.o
 .data          0x008000e0        0x0 d:/courses/es/eclipse/winavr/bin/../lib/gcc/avr/4.3.3/avr5\libgcc.a(_divmodsi4.o)
 .data          0x008000e0        0x0 d:/courses/es/eclipse/winavr/bin/../lib/gcc/avr/4.3.3/avr5\libgcc.a(_exit.o)
 .data          0x008000e0        0x0 d:/courses/es/eclipse/winavr/bin/../lib/gcc/avr/4.3.3/avr5\libgcc.a(_copy_data.o)
 .data          0x008000e0        0x0 d:/courses/es/eclipse/winavr/bin/../lib/gcc/avr/4.3.3/avr5\libgcc.a(_clear_bss.o)
 .data          0x008000e0        0x0 d:/courses/es/eclipse/winavr/bin/../lib/gcc/avr/4.3.3/avr5\libgcc.a(_fixunssfsi.o)
 .data          0x008000e0        0x0 d:/courses/es/eclipse/winavr/bin/../lib/gcc/avr/4.3.3/avr5\libgcc.a(_addsub_sf.o)
 .data          0x008000e0        0x0 d:/courses/es/eclipse/winavr/bin/../lib/gcc/avr/4.3.3/avr5\libgcc.a(_mul_sf.o)
 .data          0x008000e0        0x0 d:/courses/es/eclipse/winavr/bin/../lib/gcc/avr/4.3.3/avr5\libgcc.a(_div_sf.o)
 .data          0x008000e0        0x0 d:/courses/es/eclipse/winavr/bin/../lib/gcc/avr/4.3.3/avr5\libgcc.a(_gt_sf.o)
 .data          0x008000e0        0x0 d:/courses/es/eclipse/winavr/bin/../lib/gcc/avr/4.3.3/avr5\libgcc.a(_ge_sf.o)
 .data          0x008000e0        0x0 d:/courses/es/eclipse/winavr/bin/../lib/gcc/avr/4.3.3/avr5\libgcc.a(_lt_sf.o)
 .data          0x008000e0        0x0 d:/courses/es/eclipse/winavr/bin/../lib/gcc/avr/4.3.3/avr5\libgcc.a(_si_to_sf.o)
 .data          0x008000e0        0x0 d:/courses/es/eclipse/winavr/bin/../lib/gcc/avr/4.3.3/avr5\libgcc.a(_sf_to_si.o)
 .data          0x008000e0        0x8 d:/courses/es/eclipse/winavr/bin/../lib/gcc/avr/4.3.3/avr5\libgcc.a(_thenan_sf.o)
                0x008000e0                __thenan_sf
 .data          0x008000e8        0x0 d:/courses/es/eclipse/winavr/bin/../lib/gcc/avr/4.3.3/avr5\libgcc.a(_udivmodsi4.o)
 .data          0x008000e8        0x0 d:/courses/es/eclipse/winavr/bin/../lib/gcc/avr/4.3.3/avr5\libgcc.a(_prologue.o)
 .data          0x008000e8        0x0 d:/courses/es/eclipse/winavr/bin/../lib/gcc/avr/4.3.3/avr5\libgcc.a(_epilogue.o)
 .data          0x008000e8        0x0 d:/courses/es/eclipse/winavr/bin/../lib/gcc/avr/4.3.3/avr5\libgcc.a(_clzsi2.o)
 .data          0x008000e8        0x0 d:/courses/es/eclipse/winavr/bin/../lib/gcc/avr/4.3.3/avr5\libgcc.a(_pack_sf.o)
 .data          0x008000e8        0x0 d:/courses/es/eclipse/winavr/bin/../lib/gcc/avr/4.3.3/avr5\libgcc.a(_unpack_sf.o)
 .data          0x008000e8        0x0 d:/courses/es/eclipse/winavr/bin/../lib/gcc/avr/4.3.3/avr5\libgcc.a(_fpcmp_parts_sf.o)
 .data          0x008000e8      0x100 d:/courses/es/eclipse/winavr/bin/../lib/gcc/avr/4.3.3/avr5\libgcc.a(_clz.o)
                0x008000e8                __clz_tab
 *(.data*)
 .data.Paddle1_y
                0x008001e8        0x1 ./APP/PingPong_program.o
                0x008001e8                Paddle1_y
 .data.Paddle2_y
                0x008001e9        0x1 ./APP/PingPong_program.o
                0x008001e9                Paddle2_y
 .data.Ball     0x008001ea        0x8 ./APP/PingPong_program.o
                0x008001ea                Ball
 .data.Left_Paddle
                0x008001f2        0x8 ./APP/PingPong_program.o
                0x008001f2                Left_Paddle
 .data.Right_Paddle
                0x008001fa        0x8 ./APP/PingPong_program.o
                0x008001fa                Right_Paddle
 .data.Harb     0x00800202        0x8 ./APP/PingPong_program.o
                0x00800202                Harb
 .data.Harb1    0x0080020a        0x8 ./APP/PingPong_program.o
                0x0080020a                Harb1
 .data.Harb2    0x00800212        0x8 ./APP/PingPong_program.o
                0x00800212                Harb2
 .data.Harb3    0x0080021a        0x8 ./APP/PingPong_program.o
                0x0080021a                Harb3
 .data.Khaled   0x00800222        0x8 ./APP/PingPong_program.o
                0x00800222                Khaled
 .data.Khaled1  0x0080022a        0x8 ./APP/PingPong_program.o
                0x0080022a                Khaled1
 .data.Khaled2  0x00800232        0x8 ./APP/PingPong_program.o
                0x00800232                Khaled2
 .data.Khaled3  0x0080023a        0x8 ./APP/PingPong_program.o
                0x0080023a                Khaled3
 *(.rodata)
 *(.rodata*)
 *(.gnu.linkonce.d*)
                0x00800242                . = ALIGN (0x2)
                0x00800242                _edata = .
                0x00800242                PROVIDE (__data_end, .)

.bss            0x00800242        0x4
                0x00800242                PROVIDE (__bss_start, .)
 *(.bss)
 .bss           0x00800242        0x0 d:/courses/es/eclipse/winavr/bin/../lib/gcc/avr/4.3.3/../../../../avr/lib/avr5/crtm32.o
 .bss           0x00800242        0x0 ./MCAL/DIO/DIO_program.o
 .bss           0x00800242        0x0 ./HAL/LCD/LCD_program.o
 .bss           0x00800242        0x0 ./APP/PingPong_program.o
 .bss           0x00800242        0x0 ./APP/main.o
 .bss           0x00800242        0x0 d:/courses/es/eclipse/winavr/bin/../lib/gcc/avr/4.3.3/avr5\libgcc.a(_divmodsi4.o)
 .bss           0x00800242        0x0 d:/courses/es/eclipse/winavr/bin/../lib/gcc/avr/4.3.3/avr5\libgcc.a(_exit.o)
 .bss           0x00800242        0x0 d:/courses/es/eclipse/winavr/bin/../lib/gcc/avr/4.3.3/avr5\libgcc.a(_copy_data.o)
 .bss           0x00800242        0x0 d:/courses/es/eclipse/winavr/bin/../lib/gcc/avr/4.3.3/avr5\libgcc.a(_clear_bss.o)
 .bss           0x00800242        0x0 d:/courses/es/eclipse/winavr/bin/../lib/gcc/avr/4.3.3/avr5\libgcc.a(_fixunssfsi.o)
 .bss           0x00800242        0x0 d:/courses/es/eclipse/winavr/bin/../lib/gcc/avr/4.3.3/avr5\libgcc.a(_addsub_sf.o)
 .bss           0x00800242        0x0 d:/courses/es/eclipse/winavr/bin/../lib/gcc/avr/4.3.3/avr5\libgcc.a(_mul_sf.o)
 .bss           0x00800242        0x0 d:/courses/es/eclipse/winavr/bin/../lib/gcc/avr/4.3.3/avr5\libgcc.a(_div_sf.o)
 .bss           0x00800242        0x0 d:/courses/es/eclipse/winavr/bin/../lib/gcc/avr/4.3.3/avr5\libgcc.a(_gt_sf.o)
 .bss           0x00800242        0x0 d:/courses/es/eclipse/winavr/bin/../lib/gcc/avr/4.3.3/avr5\libgcc.a(_ge_sf.o)
 .bss           0x00800242        0x0 d:/courses/es/eclipse/winavr/bin/../lib/gcc/avr/4.3.3/avr5\libgcc.a(_lt_sf.o)
 .bss           0x00800242        0x0 d:/courses/es/eclipse/winavr/bin/../lib/gcc/avr/4.3.3/avr5\libgcc.a(_si_to_sf.o)
 .bss           0x00800242        0x0 d:/courses/es/eclipse/winavr/bin/../lib/gcc/avr/4.3.3/avr5\libgcc.a(_sf_to_si.o)
 .bss           0x00800242        0x0 d:/courses/es/eclipse/winavr/bin/../lib/gcc/avr/4.3.3/avr5\libgcc.a(_thenan_sf.o)
 .bss           0x00800242        0x0 d:/courses/es/eclipse/winavr/bin/../lib/gcc/avr/4.3.3/avr5\libgcc.a(_udivmodsi4.o)
 .bss           0x00800242        0x0 d:/courses/es/eclipse/winavr/bin/../lib/gcc/avr/4.3.3/avr5\libgcc.a(_prologue.o)
 .bss           0x00800242        0x0 d:/courses/es/eclipse/winavr/bin/../lib/gcc/avr/4.3.3/avr5\libgcc.a(_epilogue.o)
 .bss           0x00800242        0x0 d:/courses/es/eclipse/winavr/bin/../lib/gcc/avr/4.3.3/avr5\libgcc.a(_clzsi2.o)
 .bss           0x00800242        0x0 d:/courses/es/eclipse/winavr/bin/../lib/gcc/avr/4.3.3/avr5\libgcc.a(_pack_sf.o)
 .bss           0x00800242        0x0 d:/courses/es/eclipse/winavr/bin/../lib/gcc/avr/4.3.3/avr5\libgcc.a(_unpack_sf.o)
 .bss           0x00800242        0x0 d:/courses/es/eclipse/winavr/bin/../lib/gcc/avr/4.3.3/avr5\libgcc.a(_fpcmp_parts_sf.o)
 .bss           0x00800242        0x0 d:/courses/es/eclipse/winavr/bin/../lib/gcc/avr/4.3.3/avr5\libgcc.a(_clz.o)
 *(.bss*)
 .bss.Is_Init_Finished
                0x00800242        0x1 ./HAL/LCD/LCD_program.o
 .bss.PLAYER1_Score
                0x00800243        0x1 ./APP/PingPong_program.o
                0x00800243                PLAYER1_Score
 .bss.PLAYER2_Score
                0x00800244        0x1 ./APP/PingPong_program.o
                0x00800244                PLAYER2_Score
 .bss.Ball_Direction_Flag
                0x00800245        0x1 ./APP/PingPong_program.o
                0x00800245                Ball_Direction_Flag
 *(COMMON)
                0x00800246                PROVIDE (__bss_end, .)
                0x0000411a                __data_load_start = LOADADDR (.data)
                0x000042fc                __data_load_end = (__data_load_start + SIZEOF (.data))

.noinit         0x00800246        0x0
                0x00800246                PROVIDE (__noinit_start, .)
 *(.noinit*)
                0x00800246                PROVIDE (__noinit_end, .)
                0x00800246                _end = .
                0x00800246                PROVIDE (__heap_start, .)

.eeprom         0x00810000        0x0
 *(.eeprom*)
                0x00810000                __eeprom_end = .

.fuse
 *(.fuse)
 *(.lfuse)
 *(.hfuse)
 *(.efuse)

.lock
 *(.lock*)

.signature
 *(.signature*)

.stab           0x00000000     0x3360
 *(.stab)
 .stab          0x00000000      0x600 ./MCAL/DIO/DIO_program.o
 .stab          0x00000600     0x114c ./HAL/LCD/LCD_program.o
                               0x1158 (size before relaxing)
 .stab          0x0000174c     0x1ad0 ./APP/PingPong_program.o
                               0x1c68 (size before relaxing)
 .stab          0x0000321c      0x144 ./APP/main.o
                                0x1d4 (size before relaxing)

.stabstr        0x00000000      0xf7d
 *(.stabstr)
 .stabstr       0x00000000      0xf7d ./MCAL/DIO/DIO_program.o

.stab.excl
 *(.stab.excl)

.stab.exclstr
 *(.stab.exclstr)

.stab.index
 *(.stab.index)

.stab.indexstr
 *(.stab.indexstr)

.comment
 *(.comment)

.debug
 *(.debug)

.line
 *(.line)

.debug_srcinfo
 *(.debug_srcinfo)

.debug_sfnames
 *(.debug_sfnames)

.debug_aranges  0x00000000      0x1a0
 *(.debug_aranges)
 .debug_aranges
                0x00000000       0x20 d:/courses/es/eclipse/winavr/bin/../lib/gcc/avr/4.3.3/avr5\libgcc.a(_fixunssfsi.o)
 .debug_aranges
                0x00000020       0x20 d:/courses/es/eclipse/winavr/bin/../lib/gcc/avr/4.3.3/avr5\libgcc.a(_addsub_sf.o)
 .debug_aranges
                0x00000040       0x20 d:/courses/es/eclipse/winavr/bin/../lib/gcc/avr/4.3.3/avr5\libgcc.a(_mul_sf.o)
 .debug_aranges
                0x00000060       0x20 d:/courses/es/eclipse/winavr/bin/../lib/gcc/avr/4.3.3/avr5\libgcc.a(_div_sf.o)
 .debug_aranges
                0x00000080       0x20 d:/courses/es/eclipse/winavr/bin/../lib/gcc/avr/4.3.3/avr5\libgcc.a(_gt_sf.o)
 .debug_aranges
                0x000000a0       0x20 d:/courses/es/eclipse/winavr/bin/../lib/gcc/avr/4.3.3/avr5\libgcc.a(_ge_sf.o)
 .debug_aranges
                0x000000c0       0x20 d:/courses/es/eclipse/winavr/bin/../lib/gcc/avr/4.3.3/avr5\libgcc.a(_lt_sf.o)
 .debug_aranges
                0x000000e0       0x20 d:/courses/es/eclipse/winavr/bin/../lib/gcc/avr/4.3.3/avr5\libgcc.a(_si_to_sf.o)
 .debug_aranges
                0x00000100       0x20 d:/courses/es/eclipse/winavr/bin/../lib/gcc/avr/4.3.3/avr5\libgcc.a(_sf_to_si.o)
 .debug_aranges
                0x00000120       0x20 d:/courses/es/eclipse/winavr/bin/../lib/gcc/avr/4.3.3/avr5\libgcc.a(_clzsi2.o)
 .debug_aranges
                0x00000140       0x20 d:/courses/es/eclipse/winavr/bin/../lib/gcc/avr/4.3.3/avr5\libgcc.a(_pack_sf.o)
 .debug_aranges
                0x00000160       0x20 d:/courses/es/eclipse/winavr/bin/../lib/gcc/avr/4.3.3/avr5\libgcc.a(_unpack_sf.o)
 .debug_aranges
                0x00000180       0x20 d:/courses/es/eclipse/winavr/bin/../lib/gcc/avr/4.3.3/avr5\libgcc.a(_fpcmp_parts_sf.o)

.debug_pubnames
                0x00000000      0x1f0
 *(.debug_pubnames)
 .debug_pubnames
                0x00000000       0x23 d:/courses/es/eclipse/winavr/bin/../lib/gcc/avr/4.3.3/avr5\libgcc.a(_fixunssfsi.o)
 .debug_pubnames
                0x00000023       0x2c d:/courses/es/eclipse/winavr/bin/../lib/gcc/avr/4.3.3/avr5\libgcc.a(_addsub_sf.o)
 .debug_pubnames
                0x0000004f       0x1f d:/courses/es/eclipse/winavr/bin/../lib/gcc/avr/4.3.3/avr5\libgcc.a(_mul_sf.o)
 .debug_pubnames
                0x0000006e       0x1f d:/courses/es/eclipse/winavr/bin/../lib/gcc/avr/4.3.3/avr5\libgcc.a(_div_sf.o)
 .debug_pubnames
                0x0000008d       0x1e d:/courses/es/eclipse/winavr/bin/../lib/gcc/avr/4.3.3/avr5\libgcc.a(_gt_sf.o)
 .debug_pubnames
                0x000000ab       0x1e d:/courses/es/eclipse/winavr/bin/../lib/gcc/avr/4.3.3/avr5\libgcc.a(_ge_sf.o)
 .debug_pubnames
                0x000000c9       0x1e d:/courses/es/eclipse/winavr/bin/../lib/gcc/avr/4.3.3/avr5\libgcc.a(_lt_sf.o)
 .debug_pubnames
                0x000000e7       0x22 d:/courses/es/eclipse/winavr/bin/../lib/gcc/avr/4.3.3/avr5\libgcc.a(_si_to_sf.o)
 .debug_pubnames
                0x00000109       0x20 d:/courses/es/eclipse/winavr/bin/../lib/gcc/avr/4.3.3/avr5\libgcc.a(_sf_to_si.o)
 .debug_pubnames
                0x00000129       0x22 d:/courses/es/eclipse/winavr/bin/../lib/gcc/avr/4.3.3/avr5\libgcc.a(_thenan_sf.o)
 .debug_pubnames
                0x0000014b       0x1f d:/courses/es/eclipse/winavr/bin/../lib/gcc/avr/4.3.3/avr5\libgcc.a(_clzsi2.o)
 .debug_pubnames
                0x0000016a       0x1f d:/courses/es/eclipse/winavr/bin/../lib/gcc/avr/4.3.3/avr5\libgcc.a(_pack_sf.o)
 .debug_pubnames
                0x00000189       0x21 d:/courses/es/eclipse/winavr/bin/../lib/gcc/avr/4.3.3/avr5\libgcc.a(_unpack_sf.o)
 .debug_pubnames
                0x000001aa       0x26 d:/courses/es/eclipse/winavr/bin/../lib/gcc/avr/4.3.3/avr5\libgcc.a(_fpcmp_parts_sf.o)
 .debug_pubnames
                0x000001d0       0x20 d:/courses/es/eclipse/winavr/bin/../lib/gcc/avr/4.3.3/avr5\libgcc.a(_clz.o)

.debug_info     0x00000000     0x240c
 *(.debug_info)
 .debug_info    0x00000000       0xb1 d:/courses/es/eclipse/winavr/bin/../lib/gcc/avr/4.3.3/avr5\libgcc.a(_fixunssfsi.o)
 .debug_info    0x000000b1      0x47a d:/courses/es/eclipse/winavr/bin/../lib/gcc/avr/4.3.3/avr5\libgcc.a(_addsub_sf.o)
 .debug_info    0x0000052b      0x485 d:/courses/es/eclipse/winavr/bin/../lib/gcc/avr/4.3.3/avr5\libgcc.a(_mul_sf.o)
 .debug_info    0x000009b0      0x3fc d:/courses/es/eclipse/winavr/bin/../lib/gcc/avr/4.3.3/avr5\libgcc.a(_div_sf.o)
 .debug_info    0x00000dac      0x27f d:/courses/es/eclipse/winavr/bin/../lib/gcc/avr/4.3.3/avr5\libgcc.a(_gt_sf.o)
 .debug_info    0x0000102b      0x27f d:/courses/es/eclipse/winavr/bin/../lib/gcc/avr/4.3.3/avr5\libgcc.a(_ge_sf.o)
 .debug_info    0x000012aa      0x27f d:/courses/es/eclipse/winavr/bin/../lib/gcc/avr/4.3.3/avr5\libgcc.a(_lt_sf.o)
 .debug_info    0x00001529      0x207 d:/courses/es/eclipse/winavr/bin/../lib/gcc/avr/4.3.3/avr5\libgcc.a(_si_to_sf.o)
 .debug_info    0x00001730      0x2b0 d:/courses/es/eclipse/winavr/bin/../lib/gcc/avr/4.3.3/avr5\libgcc.a(_sf_to_si.o)
 .debug_info    0x000019e0      0x12c d:/courses/es/eclipse/winavr/bin/../lib/gcc/avr/4.3.3/avr5\libgcc.a(_thenan_sf.o)
 .debug_info    0x00001b0c      0x117 d:/courses/es/eclipse/winavr/bin/../lib/gcc/avr/4.3.3/avr5\libgcc.a(_clzsi2.o)
 .debug_info    0x00001c23      0x2df d:/courses/es/eclipse/winavr/bin/../lib/gcc/avr/4.3.3/avr5\libgcc.a(_pack_sf.o)
 .debug_info    0x00001f02      0x251 d:/courses/es/eclipse/winavr/bin/../lib/gcc/avr/4.3.3/avr5\libgcc.a(_unpack_sf.o)
 .debug_info    0x00002153      0x210 d:/courses/es/eclipse/winavr/bin/../lib/gcc/avr/4.3.3/avr5\libgcc.a(_fpcmp_parts_sf.o)
 .debug_info    0x00002363       0xa9 d:/courses/es/eclipse/winavr/bin/../lib/gcc/avr/4.3.3/avr5\libgcc.a(_clz.o)
 *(.gnu.linkonce.wi.*)

.debug_abbrev   0x00000000     0x1377
 *(.debug_abbrev)
 .debug_abbrev  0x00000000       0x5d d:/courses/es/eclipse/winavr/bin/../lib/gcc/avr/4.3.3/avr5\libgcc.a(_fixunssfsi.o)
 .debug_abbrev  0x0000005d      0x1ea d:/courses/es/eclipse/winavr/bin/../lib/gcc/avr/4.3.3/avr5\libgcc.a(_addsub_sf.o)
 .debug_abbrev  0x00000247      0x21b d:/courses/es/eclipse/winavr/bin/../lib/gcc/avr/4.3.3/avr5\libgcc.a(_mul_sf.o)
 .debug_abbrev  0x00000462      0x216 d:/courses/es/eclipse/winavr/bin/../lib/gcc/avr/4.3.3/avr5\libgcc.a(_div_sf.o)
 .debug_abbrev  0x00000678      0x15a d:/courses/es/eclipse/winavr/bin/../lib/gcc/avr/4.3.3/avr5\libgcc.a(_gt_sf.o)
 .debug_abbrev  0x000007d2      0x15a d:/courses/es/eclipse/winavr/bin/../lib/gcc/avr/4.3.3/avr5\libgcc.a(_ge_sf.o)
 .debug_abbrev  0x0000092c      0x15a d:/courses/es/eclipse/winavr/bin/../lib/gcc/avr/4.3.3/avr5\libgcc.a(_lt_sf.o)
 .debug_abbrev  0x00000a86      0x148 d:/courses/es/eclipse/winavr/bin/../lib/gcc/avr/4.3.3/avr5\libgcc.a(_si_to_sf.o)
 .debug_abbrev  0x00000bce      0x17f d:/courses/es/eclipse/winavr/bin/../lib/gcc/avr/4.3.3/avr5\libgcc.a(_sf_to_si.o)
 .debug_abbrev  0x00000d4d       0xad d:/courses/es/eclipse/winavr/bin/../lib/gcc/avr/4.3.3/avr5\libgcc.a(_thenan_sf.o)
 .debug_abbrev  0x00000dfa       0xc4 d:/courses/es/eclipse/winavr/bin/../lib/gcc/avr/4.3.3/avr5\libgcc.a(_clzsi2.o)
 .debug_abbrev  0x00000ebe      0x1c0 d:/courses/es/eclipse/winavr/bin/../lib/gcc/avr/4.3.3/avr5\libgcc.a(_pack_sf.o)
 .debug_abbrev  0x0000107e      0x154 d:/courses/es/eclipse/winavr/bin/../lib/gcc/avr/4.3.3/avr5\libgcc.a(_unpack_sf.o)
 .debug_abbrev  0x000011d2      0x13b d:/courses/es/eclipse/winavr/bin/../lib/gcc/avr/4.3.3/avr5\libgcc.a(_fpcmp_parts_sf.o)
 .debug_abbrev  0x0000130d       0x6a d:/courses/es/eclipse/winavr/bin/../lib/gcc/avr/4.3.3/avr5\libgcc.a(_clz.o)

.debug_line     0x00000000     0x11d8
 *(.debug_line)
 .debug_line    0x00000000       0xa7 d:/courses/es/eclipse/winavr/bin/../lib/gcc/avr/4.3.3/avr5\libgcc.a(_fixunssfsi.o)
 .debug_line    0x000000a7      0x2af d:/courses/es/eclipse/winavr/bin/../lib/gcc/avr/4.3.3/avr5\libgcc.a(_addsub_sf.o)
 .debug_line    0x00000356      0x239 d:/courses/es/eclipse/winavr/bin/../lib/gcc/avr/4.3.3/avr5\libgcc.a(_mul_sf.o)
 .debug_line    0x0000058f      0x1d5 d:/courses/es/eclipse/winavr/bin/../lib/gcc/avr/4.3.3/avr5\libgcc.a(_div_sf.o)
 .debug_line    0x00000764       0xd3 d:/courses/es/eclipse/winavr/bin/../lib/gcc/avr/4.3.3/avr5\libgcc.a(_gt_sf.o)
 .debug_line    0x00000837       0xd3 d:/courses/es/eclipse/winavr/bin/../lib/gcc/avr/4.3.3/avr5\libgcc.a(_ge_sf.o)
 .debug_line    0x0000090a       0xd3 d:/courses/es/eclipse/winavr/bin/../lib/gcc/avr/4.3.3/avr5\libgcc.a(_lt_sf.o)
 .debug_line    0x000009dd      0x135 d:/courses/es/eclipse/winavr/bin/../lib/gcc/avr/4.3.3/avr5\libgcc.a(_si_to_sf.o)
 .debug_line    0x00000b12      0x109 d:/courses/es/eclipse/winavr/bin/../lib/gcc/avr/4.3.3/avr5\libgcc.a(_sf_to_si.o)
 .debug_line    0x00000c1b       0x90 d:/courses/es/eclipse/winavr/bin/../lib/gcc/avr/4.3.3/avr5\libgcc.a(_thenan_sf.o)
 .debug_line    0x00000cab       0xa5 d:/courses/es/eclipse/winavr/bin/../lib/gcc/avr/4.3.3/avr5\libgcc.a(_clzsi2.o)
 .debug_line    0x00000d50      0x18a d:/courses/es/eclipse/winavr/bin/../lib/gcc/avr/4.3.3/avr5\libgcc.a(_pack_sf.o)
 .debug_line    0x00000eda      0x14b d:/courses/es/eclipse/winavr/bin/../lib/gcc/avr/4.3.3/avr5\libgcc.a(_unpack_sf.o)
 .debug_line    0x00001025      0x137 d:/courses/es/eclipse/winavr/bin/../lib/gcc/avr/4.3.3/avr5\libgcc.a(_fpcmp_parts_sf.o)
 .debug_line    0x0000115c       0x7c d:/courses/es/eclipse/winavr/bin/../lib/gcc/avr/4.3.3/avr5\libgcc.a(_clz.o)

.debug_frame    0x00000000      0x1c0
 *(.debug_frame)
 .debug_frame   0x00000000       0x20 d:/courses/es/eclipse/winavr/bin/../lib/gcc/avr/4.3.3/avr5\libgcc.a(_fixunssfsi.o)
 .debug_frame   0x00000020       0x40 d:/courses/es/eclipse/winavr/bin/../lib/gcc/avr/4.3.3/avr5\libgcc.a(_addsub_sf.o)
 .debug_frame   0x00000060       0x20 d:/courses/es/eclipse/winavr/bin/../lib/gcc/avr/4.3.3/avr5\libgcc.a(_mul_sf.o)
 .debug_frame   0x00000080       0x20 d:/courses/es/eclipse/winavr/bin/../lib/gcc/avr/4.3.3/avr5\libgcc.a(_div_sf.o)
 .debug_frame   0x000000a0       0x20 d:/courses/es/eclipse/winavr/bin/../lib/gcc/avr/4.3.3/avr5\libgcc.a(_gt_sf.o)
 .debug_frame   0x000000c0       0x20 d:/courses/es/eclipse/winavr/bin/../lib/gcc/avr/4.3.3/avr5\libgcc.a(_ge_sf.o)
 .debug_frame   0x000000e0       0x20 d:/courses/es/eclipse/winavr/bin/../lib/gcc/avr/4.3.3/avr5\libgcc.a(_lt_sf.o)
 .debug_frame   0x00000100       0x20 d:/courses/es/eclipse/winavr/bin/../lib/gcc/avr/4.3.3/avr5\libgcc.a(_si_to_sf.o)
 .debug_frame   0x00000120       0x20 d:/courses/es/eclipse/winavr/bin/../lib/gcc/avr/4.3.3/avr5\libgcc.a(_sf_to_si.o)
 .debug_frame   0x00000140       0x20 d:/courses/es/eclipse/winavr/bin/../lib/gcc/avr/4.3.3/avr5\libgcc.a(_clzsi2.o)
 .debug_frame   0x00000160       0x20 d:/courses/es/eclipse/winavr/bin/../lib/gcc/avr/4.3.3/avr5\libgcc.a(_pack_sf.o)
 .debug_frame   0x00000180       0x20 d:/courses/es/eclipse/winavr/bin/../lib/gcc/avr/4.3.3/avr5\libgcc.a(_unpack_sf.o)
 .debug_frame   0x000001a0       0x20 d:/courses/es/eclipse/winavr/bin/../lib/gcc/avr/4.3.3/avr5\libgcc.a(_fpcmp_parts_sf.o)

.debug_str      0x00000000      0x2f3
 *(.debug_str)
 .debug_str     0x00000000       0xbf d:/courses/es/eclipse/winavr/bin/../lib/gcc/avr/4.3.3/avr5\libgcc.a(_fixunssfsi.o)
                                 0xfe (size before relaxing)
 .debug_str     0x000000bf      0x14d d:/courses/es/eclipse/winavr/bin/../lib/gcc/avr/4.3.3/avr5\libgcc.a(_addsub_sf.o)
                                0x206 (size before relaxing)
 .debug_str     0x0000020c       0x27 d:/courses/es/eclipse/winavr/bin/../lib/gcc/avr/4.3.3/avr5\libgcc.a(_mul_sf.o)
                                0x1bf (size before relaxing)
 .debug_str     0x00000233       0x35 d:/courses/es/eclipse/winavr/bin/../lib/gcc/avr/4.3.3/avr5\libgcc.a(_div_sf.o)
                                0x1c8 (size before relaxing)
 .debug_str     0x00000268        0x8 d:/courses/es/eclipse/winavr/bin/../lib/gcc/avr/4.3.3/avr5\libgcc.a(_gt_sf.o)
                                0x195 (size before relaxing)
 .debug_str     0x00000270        0x8 d:/courses/es/eclipse/winavr/bin/../lib/gcc/avr/4.3.3/avr5\libgcc.a(_ge_sf.o)
                                0x195 (size before relaxing)
 .debug_str     0x00000278        0x8 d:/courses/es/eclipse/winavr/bin/../lib/gcc/avr/4.3.3/avr5\libgcc.a(_lt_sf.o)
                                0x195 (size before relaxing)
 .debug_str     0x00000280       0x1e d:/courses/es/eclipse/winavr/bin/../lib/gcc/avr/4.3.3/avr5\libgcc.a(_si_to_sf.o)
                                0x17b (size before relaxing)
 .debug_str     0x0000029e        0xa d:/courses/es/eclipse/winavr/bin/../lib/gcc/avr/4.3.3/avr5\libgcc.a(_sf_to_si.o)
                                0x19e (size before relaxing)
 .debug_str     0x00000000      0x103 d:/courses/es/eclipse/winavr/bin/../lib/gcc/avr/4.3.3/avr5\libgcc.a(_thenan_sf.o)
 .debug_str     0x000002a8       0x20 d:/courses/es/eclipse/winavr/bin/../lib/gcc/avr/4.3.3/avr5\libgcc.a(_clzsi2.o)
                                0x111 (size before relaxing)
 .debug_str     0x000002c8       0x10 d:/courses/es/eclipse/winavr/bin/../lib/gcc/avr/4.3.3/avr5\libgcc.a(_pack_sf.o)
                                0x19d (size before relaxing)
 .debug_str     0x000002d8        0xb d:/courses/es/eclipse/winavr/bin/../lib/gcc/avr/4.3.3/avr5\libgcc.a(_unpack_sf.o)
                                0x17f (size before relaxing)
 .debug_str     0x000002e3       0x10 d:/courses/es/eclipse/winavr/bin/../lib/gcc/avr/4.3.3/avr5\libgcc.a(_fpcmp_parts_sf.o)
                                0x163 (size before relaxing)
 .debug_str     0x00000000       0xf4 d:/courses/es/eclipse/winavr/bin/../lib/gcc/avr/4.3.3/avr5\libgcc.a(_clz.o)

.debug_loc      0x00000000      0x9ce
 *(.debug_loc)
 .debug_loc     0x00000000       0x34 d:/courses/es/eclipse/winavr/bin/../lib/gcc/avr/4.3.3/avr5\libgcc.a(_fixunssfsi.o)
 .debug_loc     0x00000034      0x32a d:/courses/es/eclipse/winavr/bin/../lib/gcc/avr/4.3.3/avr5\libgcc.a(_addsub_sf.o)
 .debug_loc     0x0000035e      0x104 d:/courses/es/eclipse/winavr/bin/../lib/gcc/avr/4.3.3/avr5\libgcc.a(_mul_sf.o)
 .debug_loc     0x00000462       0xc0 d:/courses/es/eclipse/winavr/bin/../lib/gcc/avr/4.3.3/avr5\libgcc.a(_div_sf.o)
 .debug_loc     0x00000522       0x3c d:/courses/es/eclipse/winavr/bin/../lib/gcc/avr/4.3.3/avr5\libgcc.a(_gt_sf.o)
 .debug_loc     0x0000055e       0x3c d:/courses/es/eclipse/winavr/bin/../lib/gcc/avr/4.3.3/avr5\libgcc.a(_ge_sf.o)
 .debug_loc     0x0000059a       0x3c d:/courses/es/eclipse/winavr/bin/../lib/gcc/avr/4.3.3/avr5\libgcc.a(_lt_sf.o)
 .debug_loc     0x000005d6       0xac d:/courses/es/eclipse/winavr/bin/../lib/gcc/avr/4.3.3/avr5\libgcc.a(_si_to_sf.o)
 .debug_loc     0x00000682       0x7e d:/courses/es/eclipse/winavr/bin/../lib/gcc/avr/4.3.3/avr5\libgcc.a(_sf_to_si.o)
 .debug_loc     0x00000700       0x94 d:/courses/es/eclipse/winavr/bin/../lib/gcc/avr/4.3.3/avr5\libgcc.a(_clzsi2.o)
 .debug_loc     0x00000794      0x13e d:/courses/es/eclipse/winavr/bin/../lib/gcc/avr/4.3.3/avr5\libgcc.a(_pack_sf.o)
 .debug_loc     0x000008d2       0xac d:/courses/es/eclipse/winavr/bin/../lib/gcc/avr/4.3.3/avr5\libgcc.a(_unpack_sf.o)
 .debug_loc     0x0000097e       0x50 d:/courses/es/eclipse/winavr/bin/../lib/gcc/avr/4.3.3/avr5\libgcc.a(_fpcmp_parts_sf.o)

.debug_macinfo
 *(.debug_macinfo)
OUTPUT(PingPong_Game1.elf elf32-avr)
LOAD linker stubs

.debug_ranges   0x00000000       0x50
 .debug_ranges  0x00000000       0x50 d:/courses/es/eclipse/winavr/bin/../lib/gcc/avr/4.3.3/avr5\libgcc.a(_mul_sf.o)
